// Jest Snapshot v1, https://goo.gl/fbAQLP

exports[`Snapshot 1`] = `
<button
  type="button"
>
  foo
</button>
`;
