// Jest Snapshot v1, https://goo.gl/fbAQLP

exports[`Snapshot 1`] = `
<div>
  <img
    alt="foo"
    src="https://via.placeholder.com/10"
    width={10}
  />
</div>
`;
